// Jest Snapshot v1, https://goo.gl/fbAQLP

exports[`link band component should render default as expected 1`] = `
<div
  className="sc-ifAKCX cnEgqK"
>
  <a
    className="sc-bdVaJa jrSDnk"
    href="https://github.com/joepurnell1"
    size="55px"
  >
    <img
      alt="github"
      className="sc-bwzfXH eloVrX"
      height="50px"
      src="test-file-stub"
      width="50px"
    />
  </a>
  <a
    className="sc-bdVaJa jrSDnk"
    href="https://twitter.com/joepurnell8?lang=en"
    size="55px"
  >
    <img
      alt="twitter"
      className="sc-bwzfXH eloVrX"
      height="50px"
      src="test-file-stub"
      width="50px"
    />
  </a>
  <a
    className="sc-bdVaJa jrSDnk"
    href="https://www.linkedin.com/in/joe-purnell-7294295b/"
    size="55px"
  >
    <img
      alt="linkedin"
      className="sc-bwzfXH eloVrX"
      height="50px"
      src="test-file-stub"
      width="50px"
    />
  </a>
</div>
`;
