// Jest Snapshot v1, https://goo.gl/fbAQLP

exports[`FlexGridImage component renders custom size as expected 1`] = `
<div
  className="sc-bdVaJa cokHZi"
  size="250px"
>
  <img
    alt="Prettiest girl I ever seen"
    className="sc-bwzfXH cuLAQ"
    height="225px"
    src="https://img.discogs.com/6AAosovSxIH2OIGpql6fZa9I2QE=/fit-in/600x600/filters:strip_icc():format(jpeg):mode_rgb():quality(90)/discogs-images/R-5617558-1398104965-3485.png.jpg"
    width="225px"
  />
</div>
`;

exports[`FlexGridImage component renders default as expected 1`] = `
<div
  className="sc-bdVaJa gJHIfT"
  size="150px"
>
  <img
    alt="Still looking for that blue jean, baby queen"
    className="sc-bwzfXH bcBBVT"
    height="125px"
    src="https://img.discogs.com/6AAosovSxIH2OIGpql6fZa9I2QE=/fit-in/600x600/filters:strip_icc():format(jpeg):mode_rgb():quality(90)/discogs-images/R-5617558-1398104965-3485.png.jpg"
    width="125px"
  />
</div>
`;
