// Jest Snapshot v1, https://goo.gl/fbAQLP

exports[`Subheader with Tagline component should render default as expected 1`] = `
<div>
  <h2
    className="sc-bdVaJa iiEJiO"
  >
    The people that know me best
  </h2>
  <h4
    className="sc-htpNat byCFkh sc-bwzfXH fdnVJW"
  >
    The key that I won't forget, too soon
  </h4>
</div>
`;
