// Jest Snapshot v1, https://goo.gl/fbAQLP

exports[`Header component should render default as expected 1`] = `
<h1
  className="sc-bdVaJa fxUZL"
>
  What is love?
</h1>
`;

exports[`Header component should render with custom colour as expected 1`] = `
<h1
  className="sc-bdVaJa heXFlR"
>
  Baby don&apost hurt me
</h1>
`;
