// Jest Snapshot v1, https://goo.gl/fbAQLP

exports[`coloured info band component should render default as expected 1`] = `
<div
  className="sc-bwzfXH uTxCW sc-bdVaJa hHTGE"
>
  <div>
    <h1
      className="sc-bZQynM eyjgtQ"
    >
      I wanna know what love is
    </h1>
    <h4
      className="sc-gzVnrw gIaXcn"
    >
      I want you to show me
    </h4>
  </div>
  <div
    className="sc-dnqmqq cAlvHh"
  >
    <a
      className="sc-htpNat cgCaMG"
      href="https://github.com/joepurnell1"
      size="50px"
    >
      <img
        alt="github"
        className="sc-bxivhb bvYrKA"
        height="45px"
        src="test-file-stub"
        width="45px"
      />
    </a>
    <a
      className="sc-htpNat cgCaMG"
      href="https://twitter.com/joepurnell8?lang=en"
      size="50px"
    >
      <img
        alt="twitter"
        className="sc-bxivhb bvYrKA"
        height="45px"
        src="test-file-stub"
        width="45px"
      />
    </a>
    <a
      className="sc-htpNat cgCaMG"
      href="https://www.linkedin.com/in/joe-purnell-7294295b/"
      size="50px"
    >
      <img
        alt="linkedin"
        className="sc-bxivhb bvYrKA"
        height="45px"
        src="test-file-stub"
        width="45px"
      />
    </a>
  </div>
</div>
`;
