// Jest Snapshot v1, https://goo.gl/fbAQLP

exports[`say hi component should render default as expected 1`] = `
<div
  className="sc-gZMcBi hHIYWE"
  name="sayHi"
>
  <div>
    <h2
      className="sc-bwzfXH dtPuyW"
    >
      Say Hi
    </h2>
    <h4
      className="sc-htpNat fRfHMo sc-bdVaJa fAUyDd"
    >
      Want to collaborate, chat, work together?
    </h4>
  </div>
  <div
    className="sc-gqjmRU cCZtEb"
  >
    <form
      name="contact"
      netlify={true}
    >
      <p>
        <label
          htmlFor="name"
        >
          Name
          <input
            id="name"
            name="name"
            type="text"
          />
        </label>
      </p>
      <p>
        <button
          type="submit"
        >
          Send
        </button>
      </p>
    </form>
    <h4
      className="sc-VigVT jRQhPq sc-bdVaJa fAUyDd"
    >
      or
    </h4>
  </div>
  <div
    className="sc-htoDjs hwdHvz"
  >
    <a
      className="sc-ifAKCX dAbayQ"
      href="https://github.com/joepurnell1"
      size="45px"
    >
      <img
        alt="github"
        className="sc-EHOje jaoqMH"
        height="40px"
        src="test-file-stub"
        width="40px"
      />
    </a>
    <a
      className="sc-ifAKCX dAbayQ"
      href="https://twitter.com/joepurnell8?lang=en"
      size="45px"
    >
      <img
        alt="twitter"
        className="sc-EHOje jaoqMH"
        height="40px"
        src="test-file-stub"
        width="40px"
      />
    </a>
    <a
      className="sc-ifAKCX dAbayQ"
      href="https://www.linkedin.com/in/joe-purnell-7294295b/"
      size="45px"
    >
      <img
        alt="linkedin"
        className="sc-EHOje jaoqMH"
        height="40px"
        src="test-file-stub"
        width="40px"
      />
    </a>
  </div>
</div>
`;
