// Jest Snapshot v1, https://goo.gl/fbAQLP

exports[`say hi component should render default as expected 1`] = `
<div
  className="sc-ifAKCX kUuevw"
  name="sayHi"
>
  <div>
    <h2
      className="sc-bdVaJa fxUZL"
    >
      Say Hi
    </h2>
    <h4
      className="sc-htpNat byCFkh sc-bwzfXH hBISYf"
    >
      Want to collaborate, chat, or work together?
    </h4>
  </div>
  <div
    className="sc-EHOje fpqoIO"
  >
    <form
      action="/thankyou"
      className="sc-bZQynM kzjRjv"
      data-netlify={true}
      name="contact"
    >
      <input
        className="sc-gzVnrw hLOXgw"
        id="name"
        name="name"
        placeholder="Name"
        type="text"
      />
      <input
        className="sc-gzVnrw hLOXgw"
        id="email"
        name="email"
        placeholder="Email"
        type="email"
      />
      <textarea
        className="sc-htoDjs cCjGBJ"
        id="message"
        name="message"
        placeholder="Message"
      />
      <button
        className="sc-dnqmqq cjWEkI"
        type="submit"
      >
        Send
      </button>
    </form>
  </div>
</div>
`;
