// Jest Snapshot v1, https://goo.gl/fbAQLP

exports[`Subheader component should render default as expected 1`] = `
<h2
  className="sc-bdVaJa fxUZL"
>
  You don't need nobody else, and I know that you still believe
</h2>
`;

exports[`Subheader component should render with custom colour as expected 1`] = `
<h2
  className="sc-bdVaJa heXFlR"
>
  It's all yours
</h2>
`;
