// Jest Snapshot v1, https://goo.gl/fbAQLP

exports[`Header with Tagline component should render default as expected 1`] = `
<div>
  <h1
    className="sc-bdVaJa dXLWSe"
  >
    Shakes me, makes me lighter
  </h1>
  <h4
    className="sc-bwzfXH bJBZAi"
  >
    Fearless on my breath
  </h4>
</div>
`;
