// Jest Snapshot v1, https://goo.gl/fbAQLP

exports[`link component should render default as expected 1`] = `
<div
  className="sc-bxivhb pamPv sc-bwzfXH uTxCW sc-bdVaJa cTPAwo"
>
  <h1
    className="sc-htpNat huBioS"
  >
    Projects
  </h1>
  <div
    className="sc-VigVT hAXObu sc-gqjmRU SyPVV"
  >
    <p
      className="sc-ifAKCX kHXOzc"
    >
      Here are some projects I've worked on, both personal and commissioned.
    </p>
  </div>
  <div
    className="sc-gqjmRU SyPVV"
  >
    <a
      className="sc-EHOje hdKMCe"
      href={null}
    >
      <div>
        <h1
          className="sc-bZQynM gnKKYz sc-htpNat huBioS"
        >
          DREAMpath
        </h1>
        <p
          className="sc-gzVnrw hTKOsC sc-ifAKCX kHXOzc"
        >
          Commissioned project integrating with Apple's HealthKit
        </p>
        <p
          className="sc-gzVnrw hTKOsC sc-ifAKCX kHXOzc"
        >
          Using React Native, Redux, and Styled Components
        </p>
      </div>
      <div
        className="sc-htoDjs krFKSS"
      >
        <div
          className="sc-dnqmqq gKySJT"
        >
          <div
            className="sc-iwsKbI eWCEqT"
          >
            <p
              className="sc-gZMcBi igreeY sc-ifAKCX kHXOzc"
            >
              React Native
            </p>
          </div>
        </div>
        <div
          className="sc-dnqmqq gKySJT"
        >
          <div
            className="sc-iwsKbI iwQeuv"
          >
            <p
              className="sc-gZMcBi igreeY sc-ifAKCX kHXOzc"
            >
              Commissioned
            </p>
          </div>
        </div>
      </div>
    </a>
    <a
      className="sc-EHOje cqdFgI"
      href="https://github.com/joepurnell1/portfolio"
    >
      <div>
        <h1
          className="sc-bZQynM gnKKYz sc-htpNat huBioS"
        >
          This Website
        </h1>
        <p
          className="sc-gzVnrw hTKOsC sc-ifAKCX kHXOzc"
        >
          A cheeky portfolio, utilising Gatsbyjs and React with a sprinkle of more Styled Components.
        </p>
        <p
          className="sc-gzVnrw hTKOsC sc-ifAKCX kHXOzc"
        >
          Feel free to have a look at the repo.
        </p>
      </div>
      <div
        className="sc-htoDjs krFKSS"
      >
        <div
          className="sc-dnqmqq gKySJT"
        >
          <div
            className="sc-iwsKbI jnujCD"
          >
            <p
              className="sc-gZMcBi igreeY sc-ifAKCX kHXOzc"
            >
              React
            </p>
          </div>
          <div
            className="sc-iwsKbI jnujCD"
          >
            <p
              className="sc-gZMcBi igreeY sc-ifAKCX kHXOzc"
            >
              GatsbyJS
            </p>
          </div>
        </div>
        <div
          className="sc-dnqmqq gKySJT"
        >
          <div
            className="sc-iwsKbI iwQeuv"
          >
            <p
              className="sc-gZMcBi igreeY sc-ifAKCX kHXOzc"
            >
              Personal
            </p>
          </div>
        </div>
      </div>
    </a>
    <a
      className="sc-EHOje gQUlee"
      href={null}
    >
      <div>
        <h1
          className="sc-bZQynM gnKKYz sc-htpNat huBioS"
        >
          TraiNap
        </h1>
        <p
          className="sc-gzVnrw hTKOsC sc-ifAKCX kHXOzc"
        >
          Geolocation app for train passengers worried about missing their stop.
        </p>
        <p
          className="sc-gzVnrw hTKOsC sc-ifAKCX kHXOzc"
        >
          Built in Java for Android and Swift for iOS.
        </p>
      </div>
      <div
        className="sc-htoDjs krFKSS"
      >
        <div
          className="sc-dnqmqq gKySJT"
        >
          <div
            className="sc-iwsKbI jZushC"
          >
            <p
              className="sc-gZMcBi hKcNQS sc-ifAKCX kHXOzc"
            >
              Java
            </p>
          </div>
          <div
            className="sc-iwsKbI jZushC"
          >
            <p
              className="sc-gZMcBi hKcNQS sc-ifAKCX kHXOzc"
            >
              Swift
            </p>
          </div>
        </div>
        <div
          className="sc-dnqmqq gKySJT"
        >
          <div
            className="sc-iwsKbI iwQeuv"
          >
            <p
              className="sc-gZMcBi igreeY sc-ifAKCX kHXOzc"
            >
              Personal
            </p>
          </div>
        </div>
      </div>
    </a>
  </div>
</div>
`;
