// Jest Snapshot v1, https://goo.gl/fbAQLP

exports[`link component should render default as expected 1`] = `
<div
  className="sc-bxivhb pamPv sc-bwzfXH uTxCW sc-bdVaJa cTPAwo"
>
  <h2
    className="sc-htpNat huBioS"
  >
    Projects
  </h2>
  <div
    className="sc-jTzLTM hOLxwU sc-VigVT DpsFS"
  >
    <p
      className="sc-EHOje jzXmcs"
    >
      Here are some projects I've worked on, both personal and commissioned.
    </p>
  </div>
  <div
    className="sc-VigVT DpsFS"
  >
    <a
      className="sc-bZQynM hXWMEG"
      href={null}
    >
      <div>
        <h1
          className="sc-gzVnrw thunt sc-ifAKCX cgeGlw"
        >
          DREAMpath
        </h1>
        <p
          className="sc-htoDjs ljVdHu sc-EHOje jzXmcs"
        >
          Commissioned project integrating with Apple's HealthKit
        </p>
        <p
          className="sc-htoDjs ljVdHu sc-EHOje jzXmcs"
        >
          Using React Native, Redux, and Styled Components
        </p>
      </div>
      <div
        className="sc-dnqmqq iEqOrh"
      >
        <div
          className="sc-iwsKbI cxRWga"
        >
          <div
            className="sc-gZMcBi kfvhhv"
          >
            <p
              className="sc-gqjmRU hQazng sc-EHOje jzXmcs"
            >
              React Native
            </p>
          </div>
        </div>
        <div
          className="sc-iwsKbI cxRWga"
        >
          <div
            className="sc-gZMcBi gsRbfa"
          >
            <p
              className="sc-gqjmRU hQazng sc-EHOje jzXmcs"
            >
              Commissioned
            </p>
          </div>
        </div>
      </div>
    </a>
    <a
      className="sc-bZQynM fPTPTO"
      href="https://github.com/joepurnell1/portfolio"
    >
      <div>
        <h1
          className="sc-gzVnrw thunt sc-ifAKCX cgeGlw"
        >
          This Website
        </h1>
        <p
          className="sc-htoDjs ljVdHu sc-EHOje jzXmcs"
        >
          A cheeky portfolio, utilising Gatsbyjs and React with a sprinkle of more Styled Components.
        </p>
        <p
          className="sc-htoDjs ljVdHu sc-EHOje jzXmcs"
        >
          Feel free to have a look at the repo.
        </p>
      </div>
      <div
        className="sc-dnqmqq iEqOrh"
      >
        <div
          className="sc-iwsKbI cxRWga"
        >
          <div
            className="sc-gZMcBi fawBcx"
          >
            <p
              className="sc-gqjmRU hQazng sc-EHOje jzXmcs"
            >
              React
            </p>
          </div>
          <div
            className="sc-gZMcBi fawBcx"
          >
            <p
              className="sc-gqjmRU hQazng sc-EHOje jzXmcs"
            >
              GatsbyJS
            </p>
          </div>
        </div>
        <div
          className="sc-iwsKbI cxRWga"
        >
          <div
            className="sc-gZMcBi gsRbfa"
          >
            <p
              className="sc-gqjmRU hQazng sc-EHOje jzXmcs"
            >
              Personal
            </p>
          </div>
        </div>
      </div>
    </a>
    <a
      className="sc-bZQynM lePrNY"
      href={null}
    >
      <div>
        <h1
          className="sc-gzVnrw thunt sc-ifAKCX cgeGlw"
        >
          TraiNap
        </h1>
        <p
          className="sc-htoDjs ljVdHu sc-EHOje jzXmcs"
        >
          Geolocation app for train passengers worried about missing their stop.
        </p>
        <p
          className="sc-htoDjs ljVdHu sc-EHOje jzXmcs"
        >
          Built in Java for Android and Swift for iOS.
        </p>
      </div>
      <div
        className="sc-dnqmqq iEqOrh"
      >
        <div
          className="sc-iwsKbI cxRWga"
        >
          <div
            className="sc-gZMcBi dcmtvc"
          >
            <p
              className="sc-gqjmRU gDlOvR sc-EHOje jzXmcs"
            >
              Java
            </p>
          </div>
          <div
            className="sc-gZMcBi dcmtvc"
          >
            <p
              className="sc-gqjmRU gDlOvR sc-EHOje jzXmcs"
            >
              Swift
            </p>
          </div>
        </div>
        <div
          className="sc-iwsKbI cxRWga"
        >
          <div
            className="sc-gZMcBi gsRbfa"
          >
            <p
              className="sc-gqjmRU hQazng sc-EHOje jzXmcs"
            >
              Personal
            </p>
          </div>
        </div>
      </div>
    </a>
  </div>
</div>
`;
